// Jest Snapshot v1, https://goo.gl/fbAQLP

exports[`PhotoDetail renders without crashing 1`] = `ShallowWrapper {}`;
