// Jest Snapshot v1, https://goo.gl/fbAQLP

exports[`Photo renders without crashing 1`] = `ShallowWrapper {}`;
